Dump At: File: /Users/philip/go/src/github.com/pschlump/lexie/pbread/pbread.go LineNo:62
N PbBuffer=1
  Buffer [0] Len: 16 Pos: 6
  Contents ->4
ccc
ddd
<-
